// Jest Snapshot v1, https://goo.gl/fbAQLP

exports[`Testing Modal Snapshot Test of modal 1`] = `
Object {
  "asFragment": [Function],
  "baseElement": <body
    class="modal-open"
    data-rr-ui-modal-open=""
    style="padding-right: 1024px;"
  >
    <div />
    <div
      class="fade modal-backdrop show"
    />
    <div
      aria-modal="true"
      class="fade modal show"
      role="dialog"
      style="display: block; padding-right: 0px;"
      tabindex="-1"
    >
      <div
        class="modal-dialog modal-sm"
      >
        <div
          class="modal-content"
        >
          <div
            class="modal-header"
          >
            <div
              class="modal-title h4"
            >
              Additional images
            </div>
            <button
              aria-label="Close"
              class="btn-close"
              type="button"
            />
          </div>
          <div
            class="modal-body"
          >
            <div>
              <img
                class="modal-images"
                src="https://mosaic01.ztat.net/vgs/media/large/WE/B2/1N/00/HQ/11/WEB21N00H-Q11@12.4.jpg"
              />
            </div>
            <div>
              <img
                class="modal-images"
                src="https://mosaic01.ztat.net/vgs/media/large/WE/B2/1N/00/HQ/11/WEB21N00H-Q11@12.4.jpg"
              />
            </div>
            <div>
              <img
                class="modal-images"
                src="https://mosaic01.ztat.net/vgs/media/large/WE/B2/1N/00/HQ/11/WEB21N00H-Q11@18.jpg"
              />
            </div>
          </div>
        </div>
      </div>
    </div>
  </body>,
  "container": <div />,
  "debug": [Function],
  "findAllByAltText": [Function],
  "findAllByDisplayValue": [Function],
  "findAllByLabelText": [Function],
  "findAllByPlaceholderText": [Function],
  "findAllByRole": [Function],
  "findAllByTestId": [Function],
  "findAllByText": [Function],
  "findAllByTitle": [Function],
  "findByAltText": [Function],
  "findByDisplayValue": [Function],
  "findByLabelText": [Function],
  "findByPlaceholderText": [Function],
  "findByRole": [Function],
  "findByTestId": [Function],
  "findByText": [Function],
  "findByTitle": [Function],
  "getAllByAltText": [Function],
  "getAllByDisplayValue": [Function],
  "getAllByLabelText": [Function],
  "getAllByPlaceholderText": [Function],
  "getAllByRole": [Function],
  "getAllByTestId": [Function],
  "getAllByText": [Function],
  "getAllByTitle": [Function],
  "getByAltText": [Function],
  "getByDisplayValue": [Function],
  "getByLabelText": [Function],
  "getByPlaceholderText": [Function],
  "getByRole": [Function],
  "getByTestId": [Function],
  "getByText": [Function],
  "getByTitle": [Function],
  "queryAllByAltText": [Function],
  "queryAllByDisplayValue": [Function],
  "queryAllByLabelText": [Function],
  "queryAllByPlaceholderText": [Function],
  "queryAllByRole": [Function],
  "queryAllByTestId": [Function],
  "queryAllByText": [Function],
  "queryAllByTitle": [Function],
  "queryByAltText": [Function],
  "queryByDisplayValue": [Function],
  "queryByLabelText": [Function],
  "queryByPlaceholderText": [Function],
  "queryByRole": [Function],
  "queryByTestId": [Function],
  "queryByText": [Function],
  "queryByTitle": [Function],
  "rerender": [Function],
  "unmount": [Function],
}
`;
